---
source: src/trainers/remyr.rs
expression: actions
---
- window_multiplier: 0.541
  window_increment: 119
  intersend_delay: 1.9491ms
- window_multiplier: 0.5617
  window_increment: 118
  intersend_delay: 1.8951ms
- window_multiplier: 0.5602
  window_increment: 121
  intersend_delay: 1.9196ms
- window_multiplier: 0.5166
  window_increment: 116
  intersend_delay: 1.9532999999999998ms
- window_multiplier: 0.5639
  window_increment: 115
  intersend_delay: 1.8514ms
- window_multiplier: 0.5693
  window_increment: 117
  intersend_delay: 1.866ms
- window_multiplier: 0.5278
  window_increment: 120
  intersend_delay: 1.9694999999999998ms
- window_multiplier: 0.5359
  window_increment: 117
  intersend_delay: 1.9347ms
- window_multiplier: 0.5602
  window_increment: 116
  intersend_delay: 1.8744ms
- window_multiplier: 0.5401
  window_increment: 114
  intersend_delay: 1.8732ms
- window_multiplier: 0.5419
  window_increment: 124
  intersend_delay: 1.9632ms
- window_multiplier: 0.5577
  window_increment: 114
  intersend_delay: 1.8351ms
- window_multiplier: 0.5192
  window_increment: 116
  intersend_delay: 1.9471ms
- window_multiplier: 0.5825
  window_increment: 117
  intersend_delay: 1.8371ms
- window_multiplier: 0.5166
  window_increment: 117
  intersend_delay: 1.9603ms
- window_multiplier: 0.5799
  window_increment: 118
  intersend_delay: 1.8462ms
- window_multiplier: 0.576
  window_increment: 117
  intersend_delay: 1.8548ms
- window_multiplier: 0.5209
  window_increment: 118
  intersend_delay: 1.9637ms
- window_multiplier: 0.5755
  window_increment: 115
  intersend_delay: 1.8168ms
- window_multiplier: 0.5849
  window_increment: 119
  intersend_delay: 1.8352ms
- window_multiplier: 0.5476
  window_increment: 120
  intersend_delay: 1.9425ms
- window_multiplier: 0.5677
  window_increment: 123
  intersend_delay: 1.8991ms
- window_multiplier: 0.5224
  window_increment: 118
  intersend_delay: 1.9639000000000002ms
- window_multiplier: 0.5425
  window_increment: 118
  intersend_delay: 1.9362ms
- window_multiplier: 0.5885
  window_increment: 117
  intersend_delay: 1.8122ms
- window_multiplier: 0.5802
  window_increment: 115
  intersend_delay: 1.8101ms
- window_multiplier: 0.5483
  window_increment: 121
  intersend_delay: 1.9439ms
- window_multiplier: 0.5603
  window_increment: 125
  intersend_delay: 1.9191ms
- window_multiplier: 0.5848
  window_increment: 117
  intersend_delay: 1.8256ms
- window_multiplier: 0.5272
  window_increment: 121
  intersend_delay: 1.9710999999999999ms
- window_multiplier: 0.5346
  window_increment: 119
  intersend_delay: 1.9538ms
- window_multiplier: 0.5386
  window_increment: 114
  intersend_delay: 1.8638ms
- window_multiplier: 0.5875
  window_increment: 117
  intersend_delay: 1.8163ms
- window_multiplier: 0.5409
  window_increment: 113
  intersend_delay: 1.8434ms
- window_multiplier: 0.5492
  window_increment: 121
  intersend_delay: 1.9428ms
- window_multiplier: 0.591
  window_increment: 117
  intersend_delay: 1.8026ms
- window_multiplier: 0.5477
  window_increment: 117
  intersend_delay: 1.9116ms
- window_multiplier: 0.5808
  window_increment: 118
  intersend_delay: 1.8472ms
- window_multiplier: 0.5548
  window_increment: 117
  intersend_delay: 1.8936ms
- window_multiplier: 0.5395
  window_increment: 121
  intersend_delay: 1.9603ms
- window_multiplier: 0.5457
  window_increment: 116
  intersend_delay: 1.9003ms
- window_multiplier: 0.5493
  window_increment: 116
  intersend_delay: 1.8978ms
- window_multiplier: 0.5327
  window_increment: 119
  intersend_delay: 1.9551ms
- window_multiplier: 0.5566
  window_increment: 123
  intersend_delay: 1.932ms
- window_multiplier: 0.5789
  window_increment: 118
  intersend_delay: 1.851ms
- window_multiplier: 0.5429
  window_increment: 116
  intersend_delay: 1.8989ms
- window_multiplier: 0.5366
  window_increment: 116
  intersend_delay: 1.9135ms
- window_multiplier: 0.5625
  window_increment: 115
  intersend_delay: 1.8471ms
- window_multiplier: 0.576
  window_increment: 120
  intersend_delay: 1.8708ms
- window_multiplier: 0.5685
  window_increment: 119
  intersend_delay: 1.8883ms
- window_multiplier: 0.5408
  window_increment: 115
  intersend_delay: 1.889ms
- window_multiplier: 0.5745
  window_increment: 118
  intersend_delay: 1.8654ms
- window_multiplier: 0.5459
  window_increment: 122
  intersend_delay: 1.9536000000000002ms
- window_multiplier: 0.589
  window_increment: 115
  intersend_delay: 1.793ms
- window_multiplier: 0.5369
  window_increment: 118
  intersend_delay: 1.9398ms
- window_multiplier: 0.522
  window_increment: 117
  intersend_delay: 1.9489ms
- window_multiplier: 0.5239
  window_increment: 115
  intersend_delay: 1.9321ms
- window_multiplier: 0.5415
  window_increment: 121
  intersend_delay: 1.9555000000000002ms
- window_multiplier: 0.556
  window_increment: 122
  intersend_delay: 1.9325ms
- window_multiplier: 0.575
  window_increment: 121
  intersend_delay: 1.8747ms
- window_multiplier: 0.5572
  window_increment: 114
  intersend_delay: 1.844ms
- window_multiplier: 0.5352
  window_increment: 114
  intersend_delay: 1.87ms
- window_multiplier: 0.5722
  window_increment: 117
  intersend_delay: 1.8555ms
- window_multiplier: 0.5528
  window_increment: 125
  intersend_delay: 1.9403ms
- window_multiplier: 0.5485
  window_increment: 118
  intersend_delay: 1.9256ms
- window_multiplier: 0.5509
  window_increment: 118
  intersend_delay: 1.9193ms
- window_multiplier: 0.5482
  window_increment: 124
  intersend_delay: 1.9517ms
- window_multiplier: 0.5638
  window_increment: 124
  intersend_delay: 1.909ms
- window_multiplier: 0.587
  window_increment: 116
  intersend_delay: 1.8024ms
- window_multiplier: 0.5436
  window_increment: 113
  intersend_delay: 1.8339ms
- window_multiplier: 0.5634
  window_increment: 122
  intersend_delay: 1.913ms
- window_multiplier: 0.5381
  window_increment: 117
  intersend_delay: 1.9245ms
- window_multiplier: 0.5602
  window_increment: 116
  intersend_delay: 1.8715ms
- window_multiplier: 0.5272
  window_increment: 119
  intersend_delay: 1.9662999999999997ms
- window_multiplier: 0.5549
  window_increment: 121
  intersend_delay: 1.9339ms
- window_multiplier: 0.5644
  window_increment: 121
  intersend_delay: 1.9092ms
- window_multiplier: 0.5322
  window_increment: 115
  intersend_delay: 1.9135ms
- window_multiplier: 0.5352
  window_increment: 113
  intersend_delay: 1.8597ms
- window_multiplier: 0.5725
  window_increment: 118
  intersend_delay: 1.8707ms
- window_multiplier: 0.5839
  window_increment: 116
  intersend_delay: 1.812ms
- window_multiplier: 0.5376
  window_increment: 120
  intersend_delay: 1.9587000000000003ms
- window_multiplier: 0.5395
  window_increment: 122
  intersend_delay: 1.9648ms
- window_multiplier: 0.5281
  window_increment: 119
  intersend_delay: 1.9632ms
- window_multiplier: 0.5203
  window_increment: 117
  intersend_delay: 1.9568000000000003ms
- window_multiplier: 0.5532
  window_increment: 121
  intersend_delay: 1.9345ms
- window_multiplier: 0.5327
  window_increment: 119
  intersend_delay: 1.9543999999999997ms
- window_multiplier: 0.5812
  window_increment: 116
  intersend_delay: 1.8201ms
- window_multiplier: 0.5215
  window_increment: 115
  intersend_delay: 1.9265ms
- window_multiplier: 0.5753
  window_increment: 115
  intersend_delay: 1.8168ms
- window_multiplier: 0.5502
  window_increment: 114
  intersend_delay: 1.8404ms
- window_multiplier: 0.5841
  window_increment: 118
  intersend_delay: 1.837ms
- window_multiplier: 0.5781
  window_increment: 119
  intersend_delay: 1.8616ms
- window_multiplier: 0.5782
  window_increment: 116
  intersend_delay: 1.8389ms
- window_multiplier: 0.5163
  window_increment: 116
  intersend_delay: 1.9542000000000002ms
- window_multiplier: 0.5626
  window_increment: 122
  intersend_delay: 1.9154ms
- window_multiplier: 0.5751
  window_increment: 119
  intersend_delay: 1.868ms
- window_multiplier: 0.5504
  window_increment: 123
  intersend_delay: 1.947ms
- window_multiplier: 0.5471
  window_increment: 118
  intersend_delay: 1.9282ms
- window_multiplier: 0.5602
  window_increment: 116
  intersend_delay: 1.8791ms
- window_multiplier: 0.5184
  window_increment: 118
  intersend_delay: 1.9616999999999998ms
