---
source: src/trainers/remyr.rs
expression: actions
---
- window_multiplier: 0.5441
  window_increment: 123
  intersend_delay: 1.9432ms
- window_multiplier: 0.5501
  window_increment: 126
  intersend_delay: 1.9626000000000001ms
- window_multiplier: 0.5897
  window_increment: 118
  intersend_delay: 1.7841ms
- window_multiplier: 0.5942
  window_increment: 121
  intersend_delay: 1.8326ms
- window_multiplier: 0.6305
  window_increment: 118
  intersend_delay: 1.6961ms
- window_multiplier: 0.6089
  window_increment: 123
  intersend_delay: 1.8074ms
- window_multiplier: 0.5458
  window_increment: 129
  intersend_delay: 1.9784999999999997ms
- window_multiplier: 0.6304
  window_increment: 117
  intersend_delay: 1.6857ms
- window_multiplier: 0.5542
  window_increment: 120
  intersend_delay: 1.8944ms
- window_multiplier: 0.5575
  window_increment: 127
  intersend_delay: 1.9503ms
- window_multiplier: 0.5657
  window_increment: 128
  intersend_delay: 1.9323ms
- window_multiplier: 0.6171
  window_increment: 118
  intersend_delay: 1.728ms
- window_multiplier: 0.6269
  window_increment: 118
  intersend_delay: 1.711ms
- window_multiplier: 0.5676
  window_increment: 119
  intersend_delay: 1.8596ms
- window_multiplier: 0.6324
  window_increment: 119
  intersend_delay: 1.7133ms
- window_multiplier: 0.5538
  window_increment: 129
  intersend_delay: 1.9612000000000003ms
- window_multiplier: 0.5566
  window_increment: 129
  intersend_delay: 1.953ms
- window_multiplier: 0.6072
  window_increment: 118
  intersend_delay: 1.753ms
- window_multiplier: 0.6212
  window_increment: 121
  intersend_delay: 1.7614ms
- window_multiplier: 0.6212
  window_increment: 121
  intersend_delay: 1.7615ms
- window_multiplier: 0.5913
  window_increment: 119
  intersend_delay: 1.8103ms
- window_multiplier: 0.6333
  window_increment: 119
  intersend_delay: 1.7101ms
- window_multiplier: 0.6347
  window_increment: 119
  intersend_delay: 1.7044ms
- window_multiplier: 0.6157
  window_increment: 117
  intersend_delay: 1.7228ms
- window_multiplier: 0.6101
  window_increment: 116
  intersend_delay: 1.7115ms
- window_multiplier: 0.6076
  window_increment: 122
  intersend_delay: 1.8108ms
- window_multiplier: 0.5588
  window_increment: 119
  intersend_delay: 1.8688ms
- window_multiplier: 0.5936
  window_increment: 120
  intersend_delay: 1.8199ms
- window_multiplier: 0.6201
  window_increment: 120
  intersend_delay: 1.764ms
- window_multiplier: 0.5553
  window_increment: 129
  intersend_delay: 1.957ms
- window_multiplier: 0.5463
  window_increment: 128
  intersend_delay: 1.9773ms
- window_multiplier: 0.6246
  window_increment: 119
  intersend_delay: 1.742ms
- window_multiplier: 0.5482
  window_increment: 129
  intersend_delay: 1.9729999999999999ms
- window_multiplier: 0.5921
  window_increment: 124
  intersend_delay: 1.8639ms
- window_multiplier: 0.6285
  window_increment: 120
  intersend_delay: 1.7336ms
- window_multiplier: 0.6201
  window_increment: 121
  intersend_delay: 1.7679ms
- window_multiplier: 0.595
  window_increment: 121
  intersend_delay: 1.8335ms
- window_multiplier: 0.6219
  window_increment: 120
  intersend_delay: 1.752ms
- window_multiplier: 0.5999
  window_increment: 121
  intersend_delay: 1.8223ms
- window_multiplier: 0.5917
  window_increment: 123
  intersend_delay: 1.8608ms
- window_multiplier: 0.6359
  window_increment: 119
  intersend_delay: 1.698ms
- window_multiplier: 0.5368
  window_increment: 121
  intersend_delay: 1.9397ms
- window_multiplier: 0.6365
  window_increment: 119
  intersend_delay: 1.6949ms
- window_multiplier: 0.559
  window_increment: 122
  intersend_delay: 1.9084ms
- window_multiplier: 0.5986
  window_increment: 121
  intersend_delay: 1.8155ms
- window_multiplier: 0.5553
  window_increment: 123
  intersend_delay: 1.9249ms
- window_multiplier: 0.5546
  window_increment: 125
  intersend_delay: 1.9449ms
- window_multiplier: 0.6266
  window_increment: 120
  intersend_delay: 1.7419ms
- window_multiplier: 0.6219
  window_increment: 121
  intersend_delay: 1.7615ms
- window_multiplier: 0.616
  window_increment: 120
  intersend_delay: 1.7705ms
- window_multiplier: 0.6203
  window_increment: 118
  intersend_delay: 1.7217ms
- window_multiplier: 0.5589
  window_increment: 125
  intersend_delay: 1.9387ms
- window_multiplier: 0.5717
  window_increment: 124
  intersend_delay: 1.9041ms
- window_multiplier: 0.6315
  window_increment: 117
  intersend_delay: 1.678ms
- window_multiplier: 0.6092
  window_increment: 121
  intersend_delay: 1.7945ms
- window_multiplier: 0.5703
  window_increment: 126
  intersend_delay: 1.9222ms
- window_multiplier: 0.6257
  window_increment: 116
  intersend_delay: 1.6732ms
- window_multiplier: 0.5623
  window_increment: 128
  intersend_delay: 1.9418ms
- window_multiplier: 0.61
  window_increment: 121
  intersend_delay: 1.7919ms
- window_multiplier: 0.5932
  window_increment: 125
  intersend_delay: 1.8575ms
- window_multiplier: 0.5825
  window_increment: 126
  intersend_delay: 1.8878ms
- window_multiplier: 0.5764
  window_increment: 125
  intersend_delay: 1.9062ms
- window_multiplier: 0.5371
  window_increment: 120
  intersend_delay: 1.9255ms
- window_multiplier: 0.6052
  window_increment: 117
  intersend_delay: 1.7475ms
- window_multiplier: 0.6237
  window_increment: 119
  intersend_delay: 1.7357ms
- window_multiplier: 0.5581
  window_increment: 128
  intersend_delay: 1.9519ms
- window_multiplier: 0.62
  window_increment: 119
  intersend_delay: 1.7496ms
- window_multiplier: 0.608
  window_increment: 121
  intersend_delay: 1.8008ms
- window_multiplier: 0.6274
  window_increment: 120
  intersend_delay: 1.7358ms
- window_multiplier: 0.5484
  window_increment: 129
  intersend_delay: 1.9725999999999997ms
- window_multiplier: 0.618
  window_increment: 120
  intersend_delay: 1.7671ms
- window_multiplier: 0.5496
  window_increment: 122
  intersend_delay: 1.931ms
- window_multiplier: 0.6159
  window_increment: 121
  intersend_delay: 1.7789ms
- window_multiplier: 0.5639
  window_increment: 120
  intersend_delay: 1.874ms
- window_multiplier: 0.5725
  window_increment: 121
  intersend_delay: 1.8758ms
- window_multiplier: 0.5509
  window_increment: 120
  intersend_delay: 1.9031ms
- window_multiplier: 0.6331
  window_increment: 118
  intersend_delay: 1.6971ms
- window_multiplier: 0.6141
  window_increment: 116
  intersend_delay: 1.695ms
- window_multiplier: 0.5882
  window_increment: 126
  intersend_delay: 1.8674ms
- window_multiplier: 0.6188
  window_increment: 118
  intersend_delay: 1.7185ms
- window_multiplier: 0.5797
  window_increment: 127
  intersend_delay: 1.8945ms
- window_multiplier: 0.6299
  window_increment: 119
  intersend_delay: 1.7262ms
- window_multiplier: 0.5746
  window_increment: 127
  intersend_delay: 1.9082ms
- window_multiplier: 0.6211
  window_increment: 118
  intersend_delay: 1.7204ms
- window_multiplier: 0.6017
  window_increment: 124
  intersend_delay: 1.8316ms
- window_multiplier: 0.5863
  window_increment: 124
  intersend_delay: 1.8798ms
- window_multiplier: 0.5848
  window_increment: 121
  intersend_delay: 1.8541ms
- window_multiplier: 0.5602
  window_increment: 126
  intersend_delay: 1.9445ms
- window_multiplier: 0.5698
  window_increment: 125
  intersend_delay: 1.9192ms
- window_multiplier: 0.6107
  window_increment: 118
  intersend_delay: 1.7479ms
- window_multiplier: 0.5972
  window_increment: 119
  intersend_delay: 1.7858ms
- window_multiplier: 0.614
  window_increment: 119
  intersend_delay: 1.7484ms
- window_multiplier: 0.55
  window_increment: 129
  intersend_delay: 1.9690000000000003ms
- window_multiplier: 0.6099
  window_increment: 123
  intersend_delay: 1.803ms
- window_multiplier: 0.5874
  window_increment: 121
  intersend_delay: 1.8482ms
- window_multiplier: 0.5698
  window_increment: 122
  intersend_delay: 1.8866ms
- window_multiplier: 0.545
  window_increment: 125
  intersend_delay: 1.9599000000000002ms
- window_multiplier: 0.5723
  window_increment: 123
  intersend_delay: 1.8962ms
- window_multiplier: 0.6139
  window_increment: 122
  intersend_delay: 1.7924ms
- window_multiplier: 0.593
  window_increment: 122
  intersend_delay: 1.8399ms
